../Core/Src/main.c:84:5:main	48	static
../Core/Src/main.c:193:6:SystemClock_Config	88	static
../Core/Src/main.c:252:13:MX_DMA2D_Init	8	static
../Core/Src/main.c:289:13:MX_LTDC_Init	112	static
../Core/Src/main.c:371:13:MX_RTC_Init	8	static
../Core/Src/main.c:406:13:MX_USART1_UART_Init	8	static
../Core/Src/main.c:437:13:MX_FMC_Init	40	static
../Core/Src/main.c:488:13:MX_GPIO_Init	72	static
../Core/Src/main.c:544:13:app_main	16	static
../Core/Src/main.c:565:6:HAL_TIM_PeriodElapsedCallback	16	static
../Core/Src/main.c:582:6:Error_Handler	4	static,ignoring_inline_asm
