../Core/Src/stm32f7xx_hal_msp.c:63:6:HAL_MspInit	16	static
../Core/Src/stm32f7xx_hal_msp.c:87:6:HAL_DMA2D_MspInit	24	static
../Core/Src/stm32f7xx_hal_msp.c:109:6:HAL_DMA2D_MspDeInit	16	static
../Core/Src/stm32f7xx_hal_msp.c:131:6:HAL_LTDC_MspInit	192	static
../Core/Src/stm32f7xx_hal_msp.c:245:6:HAL_LTDC_MspDeInit	16	static
../Core/Src/stm32f7xx_hal_msp.c:312:6:HAL_RTC_MspInit	152	static
../Core/Src/stm32f7xx_hal_msp.c:345:6:HAL_RTC_MspDeInit	16	static
../Core/Src/stm32f7xx_hal_msp.c:367:6:HAL_UART_MspInit	184	static
../Core/Src/stm32f7xx_hal_msp.c:422:6:HAL_UART_MspDeInit	16	static
../Core/Src/stm32f7xx_hal_msp.c:449:13:HAL_FMC_MspInit	32	static
../Core/Src/stm32f7xx_hal_msp.c:548:6:HAL_SDRAM_MspInit	16	static
../Core/Src/stm32f7xx_hal_msp.c:560:13:HAL_FMC_MspDeInit	8	static
../Core/Src/stm32f7xx_hal_msp.c:632:6:HAL_SDRAM_MspDeInit	16	static
